=== ablation start 2026-08-13T06:15:18+00:00: passes 0..2, 19 configs ===
[2026-08-13T06:15:18+00:00] pass 0  baseline  (FT=0 TM=0 FL=0 ks=-)
[2026-08-13T06:31:43+00:00] pass 0  baseline  rc=0  985s
[2026-08-13T06:31:43+00:00] pass 0  FT-none  (FT=1 TM=0 FL=0 ks=00001)
[2026-08-13T06:48:08+00:00] pass 0  FT-none  rc=0  985s
[2026-08-13T06:48:08+00:00] pass 0  TM-none  (FT=0 TM=1 FL=0 ks=0000)
[2026-08-13T07:04:33+00:00] pass 0  TM-none  rc=0  985s
[2026-08-13T07:04:33+00:00] pass 0  FL-none  (FT=0 TM=0 FL=1 ks=000000)
[2026-08-13T07:20:58+00:00] pass 0  FL-none  rc=0  985s
[2026-08-13T07:20:58+00:00] pass 0  FT-orb  (FT=1 TM=0 FL=0 ks=10001)
[2026-08-13T07:37:23+00:00] pass 0  FT-orb  rc=0  985s
[2026-08-13T07:37:23+00:00] pass 0  FT-stereo  (FT=1 TM=0 FL=0 ks=01001)
[2026-08-13T07:53:48+00:00] pass 0  FT-stereo  rc=0  985s
[2026-08-13T07:53:48+00:00] pass 0  FT-searchlocal  (FT=1 TM=0 FL=0 ks=00101)
[2026-08-13T08:10:15+00:00] pass 0  FT-searchlocal  rc=0  987s
[2026-08-13T08:10:15+00:00] pass 0  FT-poseest  (FT=1 TM=0 FL=0 ks=00011)
[2026-08-13T08:15:38+00:00] pass 0  FT-poseest  rc=1  323s
[2026-08-13T08:15:38+00:00] pass 0  FT-noposeopt  (FT=1 TM=0 FL=0 ks=00000)
[2026-08-13T08:32:04+00:00] pass 0  FT-noposeopt  rc=0  986s
[2026-08-13T08:32:04+00:00] pass 0  TM-tri  (FT=0 TM=1 FL=0 ks=1000)
[2026-08-13T08:48:30+00:00] pass 0  TM-tri  rc=0  986s
[2026-08-13T08:48:30+00:00] pass 0  TM-fuse  (FT=0 TM=1 FL=0 ks=0100)
[2026-08-13T09:04:57+00:00] pass 0  TM-fuse  rc=0  987s
[2026-08-13T09:04:57+00:00] pass 0  TM-cull  (FT=0 TM=1 FL=0 ks=0010)
[2026-08-13T09:21:22+00:00] pass 0  TM-cull  rc=0  985s
[2026-08-13T09:21:22+00:00] pass 0  TM-lba  (FT=0 TM=1 FL=0 ks=0001)
[2026-08-13T09:24:05+00:00] pass 0  TM-lba  rc=1  163s
[2026-08-13T09:24:05+00:00] pass 0  FL-mergedsbp  (FT=0 TM=0 FL=1 ks=100000)
[2026-08-13T09:40:30+00:00] pass 0  FL-mergedsbp  rc=0  985s
[2026-08-13T09:40:30+00:00] pass 0  FL-merged3sbp  (FT=0 TM=0 FL=1 ks=010000)
[2026-08-13T09:56:56+00:00] pass 0  FL-merged3sbp  rc=0  986s
[2026-08-13T09:56:56+00:00] pass 0  FL-searchandfuse  (FT=0 TM=0 FL=1 ks=001000)
[2026-08-13T10:13:21+00:00] pass 0  FL-searchandfuse  rc=0  985s
[2026-08-13T10:13:21+00:00] pass 0  FL-singlesbp  (FT=0 TM=0 FL=1 ks=000100)
[2026-08-13T10:29:47+00:00] pass 0  FL-singlesbp  rc=0  986s
[2026-08-13T10:29:47+00:00] pass 0  FL-pgo  (FT=0 TM=0 FL=1 ks=000010)
[2026-08-13T10:46:12+00:00] pass 0  FL-pgo  rc=0  985s
[2026-08-13T10:46:12+00:00] pass 0  FL-gba  (FT=0 TM=0 FL=1 ks=000001)
[2026-08-13T11:02:37+00:00] pass 0  FL-gba  rc=0  985s
[2026-08-13T11:02:37+00:00] pass 1  baseline  (FT=0 TM=0 FL=0 ks=-)
[2026-08-13T11:19:02+00:00] pass 1  baseline  rc=0  985s
[2026-08-13T11:19:02+00:00] pass 1  FT-none  (FT=1 TM=0 FL=0 ks=00001)
[2026-08-13T11:35:27+00:00] pass 1  FT-none  rc=0  985s
[2026-08-13T11:35:27+00:00] pass 1  TM-none  (FT=0 TM=1 FL=0 ks=0000)
[2026-08-13T11:51:02+00:00] pass 1  TM-none  rc=1  935s
[2026-08-13T11:51:02+00:00] pass 1  FL-none  (FT=0 TM=0 FL=1 ks=000000)
[2026-08-13T11:56:29+00:00] pass 1  FL-none  rc=1  327s
[2026-08-13T11:56:29+00:00] pass 1  FT-orb  (FT=1 TM=0 FL=0 ks=10001)
[2026-08-13T12:12:54+00:00] pass 1  FT-orb  rc=0  985s
[2026-08-13T12:12:54+00:00] pass 1  FT-stereo  (FT=1 TM=0 FL=0 ks=01001)
[2026-08-13T12:29:19+00:00] pass 1  FT-stereo  rc=0  985s
[2026-08-13T12:29:19+00:00] pass 1  FT-searchlocal  (FT=1 TM=0 FL=0 ks=00101)
[2026-08-13T12:45:46+00:00] pass 1  FT-searchlocal  rc=0  987s
[2026-08-13T12:45:46+00:00] pass 1  FT-poseest  (FT=1 TM=0 FL=0 ks=00011)
[2026-08-13T12:45:54+00:00] pass 1  FT-poseest  rc=1  8s
[2026-08-13T12:45:54+00:00] pass 1  FT-noposeopt  (FT=1 TM=0 FL=0 ks=00000)
[2026-08-13T13:02:20+00:00] pass 1  FT-noposeopt  rc=0  986s
[2026-08-13T13:02:20+00:00] pass 1  TM-tri  (FT=0 TM=1 FL=0 ks=1000)
[2026-08-13T13:18:46+00:00] pass 1  TM-tri  rc=0  986s
[2026-08-13T13:18:46+00:00] pass 1  TM-fuse  (FT=0 TM=1 FL=0 ks=0100)
[2026-08-13T13:35:13+00:00] pass 1  TM-fuse  rc=0  987s
[2026-08-13T13:35:13+00:00] pass 1  TM-cull  (FT=0 TM=1 FL=0 ks=0010)
[2026-08-13T13:51:39+00:00] pass 1  TM-cull  rc=0  986s
[2026-08-13T13:51:39+00:00] pass 1  TM-lba  (FT=0 TM=1 FL=0 ks=0001)
[2026-08-13T14:08:04+00:00] pass 1  TM-lba  rc=0  985s
[2026-08-13T14:08:04+00:00] pass 1  FL-mergedsbp  (FT=0 TM=0 FL=1 ks=100000)
[2026-08-13T14:24:30+00:00] pass 1  FL-mergedsbp  rc=0  986s
[2026-08-13T14:24:30+00:00] pass 1  FL-merged3sbp  (FT=0 TM=0 FL=1 ks=010000)
[2026-08-13T14:40:55+00:00] pass 1  FL-merged3sbp  rc=0  985s
[2026-08-13T14:40:55+00:00] pass 1  FL-searchandfuse  (FT=0 TM=0 FL=1 ks=001000)
[2026-08-13T14:57:20+00:00] pass 1  FL-searchandfuse  rc=0  985s
[2026-08-13T14:57:20+00:00] pass 1  FL-singlesbp  (FT=0 TM=0 FL=1 ks=000100)
[2026-08-13T15:13:46+00:00] pass 1  FL-singlesbp  rc=0  986s
[2026-08-13T15:13:46+00:00] pass 1  FL-pgo  (FT=0 TM=0 FL=1 ks=000010)
[2026-08-13T15:30:11+00:00] pass 1  FL-pgo  rc=0  985s
[2026-08-13T15:30:11+00:00] pass 1  FL-gba  (FT=0 TM=0 FL=1 ks=000001)
[2026-08-13T15:46:36+00:00] pass 1  FL-gba  rc=0  985s
[2026-08-13T15:46:36+00:00] pass 2  baseline  (FT=0 TM=0 FL=0 ks=-)
[2026-08-13T16:03:01+00:00] pass 2  baseline  rc=0  985s
[2026-08-13T16:03:01+00:00] pass 2  FT-none  (FT=1 TM=0 FL=0 ks=00001)
[2026-08-13T16:19:26+00:00] pass 2  FT-none  rc=0  985s
[2026-08-13T16:19:26+00:00] pass 2  TM-none  (FT=0 TM=1 FL=0 ks=0000)
[2026-08-13T16:35:51+00:00] pass 2  TM-none  rc=0  985s
[2026-08-13T16:35:51+00:00] pass 2  FL-none  (FT=0 TM=0 FL=1 ks=000000)
[2026-08-13T16:52:16+00:00] pass 2  FL-none  rc=0  985s
[2026-08-13T16:52:16+00:00] pass 2  FT-orb  (FT=1 TM=0 FL=0 ks=10001)
[2026-08-13T17:08:41+00:00] pass 2  FT-orb  rc=0  985s
[2026-08-13T17:08:41+00:00] pass 2  FT-stereo  (FT=1 TM=0 FL=0 ks=01001)
[2026-08-13T17:25:06+00:00] pass 2  FT-stereo  rc=0  985s
[2026-08-13T17:25:06+00:00] pass 2  FT-searchlocal  (FT=1 TM=0 FL=0 ks=00101)
[2026-08-13T17:41:31+00:00] pass 2  FT-searchlocal  rc=0  985s
[2026-08-13T17:41:31+00:00] pass 2  FT-poseest  (FT=1 TM=0 FL=0 ks=00011)
[2026-08-13T17:41:45+00:00] pass 2  FT-poseest  rc=1  14s
[2026-08-13T17:41:45+00:00] pass 2  FT-noposeopt  (FT=1 TM=0 FL=0 ks=00000)
[2026-08-13T17:58:11+00:00] pass 2  FT-noposeopt  rc=0  986s
[2026-08-13T17:58:11+00:00] pass 2  TM-tri  (FT=0 TM=1 FL=0 ks=1000)
[2026-08-13T18:14:37+00:00] pass 2  TM-tri  rc=0  986s
[2026-08-13T18:14:37+00:00] pass 2  TM-fuse  (FT=0 TM=1 FL=0 ks=0100)
[2026-08-13T18:26:21+00:00] pass 2  TM-fuse  rc=1  704s
[2026-08-13T18:26:21+00:00] pass 2  TM-cull  (FT=0 TM=1 FL=0 ks=0010)
[2026-08-13T18:42:46+00:00] pass 2  TM-cull  rc=0  985s
[2026-08-13T18:42:46+00:00] pass 2  TM-lba  (FT=0 TM=1 FL=0 ks=0001)
[2026-08-13T18:59:10+00:00] pass 2  TM-lba  rc=0  984s
[2026-08-13T18:59:10+00:00] pass 2  FL-mergedsbp  (FT=0 TM=0 FL=1 ks=100000)
[2026-08-13T19:15:35+00:00] pass 2  FL-mergedsbp  rc=0  985s
[2026-08-13T19:15:35+00:00] pass 2  FL-merged3sbp  (FT=0 TM=0 FL=1 ks=010000)
[2026-08-13T19:32:00+00:00] pass 2  FL-merged3sbp  rc=0  985s
[2026-08-13T19:32:00+00:00] pass 2  FL-searchandfuse  (FT=0 TM=0 FL=1 ks=001000)
[2026-08-13T19:48:25+00:00] pass 2  FL-searchandfuse  rc=0  985s
[2026-08-13T19:48:25+00:00] pass 2  FL-singlesbp  (FT=0 TM=0 FL=1 ks=000100)
[2026-08-13T20:04:49+00:00] pass 2  FL-singlesbp  rc=0  984s
[2026-08-13T20:04:49+00:00] pass 2  FL-pgo  (FT=0 TM=0 FL=1 ks=000010)
[2026-08-13T20:21:13+00:00] pass 2  FL-pgo  rc=0  984s
[2026-08-13T20:21:13+00:00] pass 2  FL-gba  (FT=0 TM=0 FL=1 ks=000001)
[2026-08-13T20:37:37+00:00] pass 2  FL-gba  rc=0  984s
=== ablation done 2026-08-13T20:37:37+00:00 ===
=== ablation start 2026-08-13T21:16:54+00:00: passes 0..2, 20 configs ===
[2026-08-13T21:16:54+00:00] pass 0  maximal  (FT=1 TM=1 FL=1 ks=01101,1111,111111)
[2026-08-13T21:33:22+00:00] pass 0  maximal  rc=0  988s
[2026-08-13T21:33:22+00:00] pass 1  maximal  (FT=1 TM=1 FL=1 ks=01101,1111,111111)
[2026-08-13T21:49:50+00:00] pass 1  maximal  rc=0  988s
[2026-08-13T21:49:50+00:00] pass 2  maximal  (FT=1 TM=1 FL=1 ks=01101,1111,111111)
[2026-08-13T22:06:17+00:00] pass 2  maximal  rc=0  987s
=== ablation done 2026-08-13T22:06:17+00:00 ===
=== ablation start 2026-08-13T22:19:43+00:00: passes 0..2, 21 configs ===
[2026-08-13T22:19:43+00:00] pass 0  FT-pose-in-pipeline  (FT=1 TM=0 FL=0 ks=01111)
[2026-08-13T22:36:09+00:00] pass 0  FT-pose-in-pipeline  rc=0  986s
[2026-08-13T22:36:09+00:00] pass 1  FT-pose-in-pipeline  (FT=1 TM=0 FL=0 ks=01111)
[2026-08-13T22:52:34+00:00] pass 1  FT-pose-in-pipeline  rc=0  985s
[2026-08-13T22:52:34+00:00] pass 2  FT-pose-in-pipeline  (FT=1 TM=0 FL=0 ks=01111)
[2026-08-13T23:09:00+00:00] pass 2  FT-pose-in-pipeline  rc=0  986s
=== ablation done 2026-08-13T23:09:00+00:00 ===
=== maximal13 start 2026-08-13T23:09:08+00:00 ===
[2026-08-13T23:09:08+00:00] pass 0  maximal13  (FT=1 TM=1 FL=1 ks=01111,1111,111111)
[2026-08-13T23:25:37+00:00] pass 0  maximal13  rc=0  989s
[2026-08-13T23:25:37+00:00] pass 1  maximal13  (FT=1 TM=1 FL=1 ks=01111,1111,111111)
[2026-08-13T23:42:07+00:00] pass 1  maximal13  rc=0  990s
[2026-08-13T23:42:07+00:00] pass 2  maximal13  (FT=1 TM=1 FL=1 ks=01111,1111,111111)
[2026-08-13T23:58:37+00:00] pass 2  maximal13  rc=0  990s
=== maximal13 done 2026-08-13T23:58:37+00:00 ===
